** Drc report for Duskpad.kicad_pcb **
** Created on 2026-06-29T14:26:18 **
** Report includes: Errors, Warnings **

** Found 136 DRC violations **
[courtyards_overlap]: Courtyards overlap
    Rule: board setup constraints courtyard; error
    @(118.6200 mm, 118.6250 mm): Footprint D31
    @(121.2850 mm, 109.2200 mm): Footprint SW15
[courtyards_overlap]: Courtyards overlap
    Rule: board setup constraints courtyard; error
    @(99.6200 mm, 99.6250 mm): Footprint D26
    @(102.2350 mm, 90.1700 mm): Footprint SW10
[courtyards_overlap]: Courtyards overlap
    Rule: board setup constraints courtyard; error
    @(80.6200 mm, 118.6250 mm): Footprint D29
    @(83.1850 mm, 109.2200 mm): Footprint SW13
[courtyards_overlap]: Courtyards overlap
    Rule: board setup constraints courtyard; error
    @(140.3350 mm, 71.1200 mm): Footprint SW8
    @(137.6200 mm, 80.6250 mm): Footprint D24
[courtyards_overlap]: Courtyards overlap
    Rule: board setup constraints courtyard; error
    @(121.2850 mm, 90.1700 mm): Footprint SW11
    @(118.6200 mm, 99.6250 mm): Footprint D27
[courtyards_overlap]: Courtyards overlap
    Rule: board setup constraints courtyard; error
    @(140.3350 mm, 90.1700 mm): Footprint SW12
    @(137.6200 mm, 99.6250 mm): Footprint D28
[courtyards_overlap]: Courtyards overlap
    Rule: board setup constraints courtyard; error
    @(99.6200 mm, 80.6250 mm): Footprint D22
    @(102.2350 mm, 71.1200 mm): Footprint SW6
[courtyards_overlap]: Courtyards overlap
    Rule: board setup constraints courtyard; error
    @(83.1850 mm, 71.1200 mm): Footprint SW5
    @(80.3450 mm, 80.6250 mm): Footprint D21
[courtyards_overlap]: Courtyards overlap
    Rule: board setup constraints courtyard; error
    @(118.6200 mm, 61.6250 mm): Footprint D19
    @(121.2850 mm, 52.0700 mm): Footprint SW3
[courtyards_overlap]: Courtyards overlap
    Rule: board setup constraints courtyard; error
    @(83.1850 mm, 52.0700 mm): Footprint SW1
    @(80.6200 mm, 61.6250 mm): Footprint D17
[courtyards_overlap]: Courtyards overlap
    Rule: board setup constraints courtyard; error
    @(121.2850 mm, 71.1200 mm): Footprint SW7
    @(118.6200 mm, 80.6250 mm): Footprint D23
[courtyards_overlap]: Courtyards overlap
    Rule: board setup constraints courtyard; error
    @(102.2350 mm, 109.2200 mm): Footprint SW14
    @(99.6200 mm, 118.6250 mm): Footprint D30
[courtyards_overlap]: Courtyards overlap
    Rule: board setup constraints courtyard; error
    @(140.3350 mm, 109.2200 mm): Footprint SW16
    @(137.6200 mm, 118.6250 mm): Footprint D32
[courtyards_overlap]: Courtyards overlap
    Rule: board setup constraints courtyard; error
    @(137.6200 mm, 61.6250 mm): Footprint D20
    @(140.3350 mm, 52.0700 mm): Footprint SW4
[courtyards_overlap]: Courtyards overlap
    Rule: board setup constraints courtyard; error
    @(102.2350 mm, 52.0700 mm): Footprint SW2
    @(99.6200 mm, 61.6250 mm): Footprint D18
[courtyards_overlap]: Courtyards overlap
    Rule: board setup constraints courtyard; error
    @(80.6200 mm, 99.6250 mm): Footprint D25
    @(83.1850 mm, 90.1700 mm): Footprint SW9
[copper_edge_clearance]: Board edge clearance violation (board setup constraints edge clearance 0.5000 mm; actual 0.2467 mm)
    Rule: board setup constraints edge; error
    @(136.3028 mm, 119.7422 mm): Arc of D32 on Edge.Cuts
    @(134.8950 mm, 119.3750 mm): Pad 1 [GND] of D32 on F.Cu
[copper_edge_clearance]: Board edge clearance violation (board setup constraints edge clearance 0.5000 mm; actual 0.3500 mm)
    Rule: board setup constraints edge; error
    @(135.9200 mm, 118.6250 mm): Segment of D32 on Edge.Cuts
    @(134.8950 mm, 117.8750 mm): Pad 2 [Net-(D31-DOUT)] of D32 on F.Cu
[copper_edge_clearance]: Board edge clearance violation (board setup constraints edge clearance 0.5000 mm; actual 0.2467 mm)
    Rule: board setup constraints edge; error
    @(138.9372 mm, 117.5078 mm): Arc of D32 on Edge.Cuts
    @(140.3450 mm, 117.8750 mm): Pad 3 [VCC(5V)] of D32 on F.Cu
[copper_edge_clearance]: Board edge clearance violation (board setup constraints edge clearance 0.5000 mm; actual 0.2467 mm)
    Rule: board setup constraints edge; error
    @(138.9372 mm, 119.7422 mm): Arc of D32 on Edge.Cuts
    @(140.3450 mm, 119.3750 mm): Pad 4 [Net-(D28-DOUT)] of D32 on F.Cu
[copper_edge_clearance]: Board edge clearance violation (board setup constraints edge clearance 0.5000 mm; actual 0.3500 mm)
    Rule: board setup constraints edge; error
    @(97.6300 mm, 44.6700 mm): Segment of D36 on Edge.Cuts
    @(96.6050 mm, 45.4200 mm): Pad 1 [GND] of D36 on F.Cu
[copper_edge_clearance]: Board edge clearance violation (board setup constraints edge clearance 0.5000 mm; actual 0.3500 mm)
    Rule: board setup constraints edge; error
    @(97.6300 mm, 44.6700 mm): Segment of D36 on Edge.Cuts
    @(96.6050 mm, 43.9200 mm): Pad 2 [Net-(D35-DOUT)] of D36 on F.Cu
[copper_edge_clearance]: Board edge clearance violation (board setup constraints edge clearance 0.5000 mm; actual 0.3500 mm)
    Rule: board setup constraints edge; error
    @(101.0300 mm, 44.6700 mm): Segment of D36 on Edge.Cuts
    @(102.0550 mm, 43.9200 mm): Pad 3 [VCC(5V)] of D36 on F.Cu
[copper_edge_clearance]: Board edge clearance violation (board setup constraints edge clearance 0.5000 mm; actual 0.3500 mm)
    Rule: board setup constraints edge; error
    @(101.0300 mm, 44.6700 mm): Segment of D36 on Edge.Cuts
    @(102.0550 mm, 45.4200 mm): Pad 4 [unconnected-(D36-DOUT-Pad4)] of D36 on F.Cu
[copper_edge_clearance]: Board edge clearance violation (board setup constraints edge clearance 0.5000 mm; actual 0.3154 mm)
    Rule: board setup constraints edge; error
    @(97.3300 mm, 40.5004 mm): Arc of D35 on Edge.Cuts
    @(96.6050 mm, 40.5500 mm): Pad 1 [GND] of D35 on F.Cu
[copper_edge_clearance]: Board edge clearance violation (board setup constraints edge clearance 0.5000 mm; actual 0.3154 mm)
    Rule: board setup constraints edge; error
    @(97.3300 mm, 39.0996 mm): Arc of D35 on Edge.Cuts
    @(96.6050 mm, 39.0500 mm): Pad 2 [Net-(D34-DOUT)] of D35 on F.Cu
[copper_edge_clearance]: Board edge clearance violation (board setup constraints edge clearance 0.5000 mm; actual 0.3500 mm)
    Rule: board setup constraints edge; error
    @(101.0300 mm, 39.8000 mm): Segment of D35 on Edge.Cuts
    @(102.0550 mm, 39.0500 mm): Pad 3 [VCC(5V)] of D35 on F.Cu
[copper_edge_clearance]: Board edge clearance violation (board setup constraints edge clearance 0.5000 mm; actual 0.2467 mm)
    Rule: board setup constraints edge; error
    @(100.6472 mm, 40.9172 mm): Arc of D35 on Edge.Cuts
    @(102.0550 mm, 40.5500 mm): Pad 4 [Net-(D35-DOUT)] of D35 on F.Cu
[copper_edge_clearance]: Board edge clearance violation (board setup constraints edge clearance 0.5000 mm; actual 0.3500 mm)
    Rule: board setup constraints edge; error
    @(97.6300 mm, 34.9300 mm): Segment of D34 on Edge.Cuts
    @(96.6050 mm, 35.6800 mm): Pad 1 [GND] of D34 on F.Cu
[copper_edge_clearance]: Board edge clearance violation (board setup constraints edge clearance 0.5000 mm; actual 0.3500 mm)
    Rule: board setup constraints edge; error
    @(97.6300 mm, 34.9300 mm): Segment of D34 on Edge.Cuts
    @(96.6050 mm, 34.1800 mm): Pad 2 [Net-(D33-DOUT)] of D34 on F.Cu
[copper_edge_clearance]: Board edge clearance violation (board setup constraints edge clearance 0.5000 mm; actual 0.3500 mm)
    Rule: board setup constraints edge; error
    @(101.0300 mm, 34.9300 mm): Segment of D34 on Edge.Cuts
    @(102.0550 mm, 34.1800 mm): Pad 3 [VCC(5V)] of D34 on F.Cu
[copper_edge_clearance]: Board edge clearance violation (board setup constraints edge clearance 0.5000 mm; actual 0.3500 mm)
    Rule: board setup constraints edge; error
    @(101.0300 mm, 34.9300 mm): Segment of D34 on Edge.Cuts
    @(102.0550 mm, 35.6800 mm): Pad 4 [Net-(D34-DOUT)] of D34 on F.Cu
[copper_edge_clearance]: Board edge clearance violation (board setup constraints edge clearance 0.5000 mm; actual 0.3154 mm)
    Rule: board setup constraints edge; error
    @(97.3300 mm, 30.7604 mm): Arc of D33 on Edge.Cuts
    @(96.6050 mm, 30.8100 mm): Pad 1 [GND] of D33 on F.Cu
[copper_edge_clearance]: Board edge clearance violation (board setup constraints edge clearance 0.5000 mm; actual 0.3154 mm)
    Rule: board setup constraints edge; error
    @(97.3300 mm, 29.3596 mm): Arc of D33 on Edge.Cuts
    @(96.6050 mm, 29.3100 mm): Pad 2 [Net-(D29-DIN)] of D33 on F.Cu
[copper_edge_clearance]: Board edge clearance violation (board setup constraints edge clearance 0.5000 mm; actual 0.3500 mm)
    Rule: board setup constraints edge; error
    @(101.0300 mm, 30.0600 mm): Segment of D33 on Edge.Cuts
    @(102.0550 mm, 29.3100 mm): Pad 3 [VCC(5V)] of D33 on F.Cu
[copper_edge_clearance]: Board edge clearance violation (board setup constraints edge clearance 0.5000 mm; actual 0.2467 mm)
    Rule: board setup constraints edge; error
    @(100.6472 mm, 31.1772 mm): Arc of D33 on Edge.Cuts
    @(102.0550 mm, 30.8100 mm): Pad 4 [Net-(D33-DOUT)] of D33 on F.Cu
[copper_edge_clearance]: Board edge clearance violation (board setup constraints edge clearance 0.5000 mm; actual 0.3500 mm)
    Rule: board setup constraints edge; error
    @(97.9200 mm, 118.6250 mm): Segment of D30 on Edge.Cuts
    @(96.8950 mm, 119.3750 mm): Pad 1 [GND] of D30 on F.Cu
[copper_edge_clearance]: Board edge clearance violation (board setup constraints edge clearance 0.5000 mm; actual 0.3500 mm)
    Rule: board setup constraints edge; error
    @(97.9200 mm, 118.6250 mm): Segment of D30 on Edge.Cuts
    @(96.8950 mm, 117.8750 mm): Pad 2 [Net-(D29-DOUT)] of D30 on F.Cu
[copper_edge_clearance]: Board edge clearance violation (board setup constraints edge clearance 0.5000 mm; actual 0.3500 mm)
    Rule: board setup constraints edge; error
    @(101.3200 mm, 118.6250 mm): Segment of D30 on Edge.Cuts
    @(102.3450 mm, 117.8750 mm): Pad 3 [VCC(5V)] of D30 on F.Cu
[copper_edge_clearance]: Board edge clearance violation (board setup constraints edge clearance 0.5000 mm; actual 0.3500 mm)
    Rule: board setup constraints edge; error
    @(101.3200 mm, 118.6250 mm): Segment of D30 on Edge.Cuts
    @(102.3450 mm, 119.3750 mm): Pad 4 [Net-(D30-DOUT)] of D30 on F.Cu
[copper_edge_clearance]: Board edge clearance violation (board setup constraints edge clearance 0.5000 mm; actual 0.3500 mm)
    Rule: board setup constraints edge; error
    @(135.9200 mm, 61.6250 mm): Segment of D20 on Edge.Cuts
    @(134.8950 mm, 62.3750 mm): Pad 1 [GND] of D20 on F.Cu
[copper_edge_clearance]: Board edge clearance violation (board setup constraints edge clearance 0.5000 mm; actual 0.3500 mm)
    Rule: board setup constraints edge; error
    @(135.9200 mm, 61.6250 mm): Segment of D20 on Edge.Cuts
    @(134.8950 mm, 60.8750 mm): Pad 2 [Net-(D19-DOUT)] of D20 on F.Cu
[copper_edge_clearance]: Board edge clearance violation (board setup constraints edge clearance 0.5000 mm; actual 0.3500 mm)
    Rule: board setup constraints edge; error
    @(139.3200 mm, 61.6250 mm): Segment of D20 on Edge.Cuts
    @(140.3450 mm, 60.8750 mm): Pad 3 [VCC(5V)] of D20 on F.Cu
[copper_edge_clearance]: Board edge clearance violation (board setup constraints edge clearance 0.5000 mm; actual 0.3500 mm)
    Rule: board setup constraints edge; error
    @(139.3200 mm, 61.6250 mm): Segment of D20 on Edge.Cuts
    @(140.3450 mm, 62.3750 mm): Pad 4 [Net-(D20-DOUT)] of D20 on F.Cu
[copper_edge_clearance]: Board edge clearance violation (board setup constraints edge clearance 0.5000 mm; actual 0.3500 mm)
    Rule: board setup constraints edge; error
    @(78.9200 mm, 61.6250 mm): Segment of D17 on Edge.Cuts
    @(77.8950 mm, 62.3750 mm): Pad 1 [GND] of D17 on F.Cu
[copper_edge_clearance]: Board edge clearance violation (board setup constraints edge clearance 0.5000 mm; actual 0.3500 mm)
    Rule: board setup constraints edge; error
    @(78.9200 mm, 61.6250 mm): Segment of D17 on Edge.Cuts
    @(77.8950 mm, 60.8750 mm): Pad 2 [DIN] of D17 on F.Cu
[copper_edge_clearance]: Board edge clearance violation (board setup constraints edge clearance 0.5000 mm; actual 0.3500 mm)
    Rule: board setup constraints edge; error
    @(82.3200 mm, 61.6250 mm): Segment of D17 on Edge.Cuts
    @(83.3450 mm, 60.8750 mm): Pad 3 [VCC(5V)] of D17 on F.Cu
[copper_edge_clearance]: Board edge clearance violation (board setup constraints edge clearance 0.5000 mm; actual 0.3500 mm)
    Rule: board setup constraints edge; error
    @(82.3200 mm, 61.6250 mm): Segment of D17 on Edge.Cuts
    @(83.3450 mm, 62.3750 mm): Pad 4 [Net-(D17-DOUT)] of D17 on F.Cu
[copper_edge_clearance]: Board edge clearance violation (board setup constraints edge clearance 0.5000 mm; actual 0.3500 mm)
    Rule: board setup constraints edge; error
    @(97.9200 mm, 61.6250 mm): Segment of D18 on Edge.Cuts
    @(96.8950 mm, 62.3750 mm): Pad 1 [GND] of D18 on F.Cu
[copper_edge_clearance]: Board edge clearance violation (board setup constraints edge clearance 0.5000 mm; actual 0.3500 mm)
    Rule: board setup constraints edge; error
    @(97.9200 mm, 61.6250 mm): Segment of D18 on Edge.Cuts
    @(96.8950 mm, 60.8750 mm): Pad 2 [Net-(D17-DOUT)] of D18 on F.Cu
[copper_edge_clearance]: Board edge clearance violation (board setup constraints edge clearance 0.5000 mm; actual 0.3500 mm)
    Rule: board setup constraints edge; error
    @(101.3200 mm, 61.6250 mm): Segment of D18 on Edge.Cuts
    @(102.3450 mm, 60.8750 mm): Pad 3 [VCC(5V)] of D18 on F.Cu
[copper_edge_clearance]: Board edge clearance violation (board setup constraints edge clearance 0.5000 mm; actual 0.3500 mm)
    Rule: board setup constraints edge; error
    @(101.3200 mm, 61.6250 mm): Segment of D18 on Edge.Cuts
    @(102.3450 mm, 62.3750 mm): Pad 4 [Net-(D18-DOUT)] of D18 on F.Cu
[copper_edge_clearance]: Board edge clearance violation (board setup constraints edge clearance 0.5000 mm; actual 0.3154 mm)
    Rule: board setup constraints edge; error
    @(135.6200 mm, 100.3254 mm): Arc of D28 on Edge.Cuts
    @(134.8950 mm, 100.3750 mm): Pad 1 [GND] of D28 on F.Cu
[copper_edge_clearance]: Board edge clearance violation (board setup constraints edge clearance 0.5000 mm; actual 0.3500 mm)
    Rule: board setup constraints edge; error
    @(135.9200 mm, 99.6250 mm): Segment of D28 on Edge.Cuts
    @(134.8950 mm, 98.8750 mm): Pad 2 [Net-(D27-DOUT)] of D28 on F.Cu
[copper_edge_clearance]: Board edge clearance violation (board setup constraints edge clearance 0.5000 mm; actual 0.3500 mm)
    Rule: board setup constraints edge; error
    @(139.3200 mm, 99.6250 mm): Segment of D28 on Edge.Cuts
    @(140.3450 mm, 98.8750 mm): Pad 3 [VCC(5V)] of D28 on F.Cu
[copper_edge_clearance]: Board edge clearance violation (board setup constraints edge clearance 0.5000 mm; actual 0.2467 mm)
    Rule: board setup constraints edge; error
    @(138.9372 mm, 100.7422 mm): Arc of D28 on Edge.Cuts
    @(140.3450 mm, 100.3750 mm): Pad 4 [Net-(D28-DOUT)] of D28 on F.Cu
[copper_edge_clearance]: Board edge clearance violation (board setup constraints edge clearance 0.5000 mm; actual 0.2467 mm)
    Rule: board setup constraints edge; error
    @(138.9372 mm, 81.7422 mm): Arc of D24 on Edge.Cuts
    @(140.3450 mm, 81.3750 mm): Pad 4 [Net-(D20-DOUT)] of D24 on F.Cu
[copper_edge_clearance]: Board edge clearance violation (board setup constraints edge clearance 0.5000 mm; actual 0.3154 mm)
    Rule: board setup constraints edge; error
    @(139.6200 mm, 79.9246 mm): Arc of D24 on Edge.Cuts
    @(140.3450 mm, 79.8750 mm): Pad 3 [VCC(5V)] of D24 on F.Cu
[copper_edge_clearance]: Board edge clearance violation (board setup constraints edge clearance 0.5000 mm; actual 0.2467 mm)
    Rule: board setup constraints edge; error
    @(136.3028 mm, 79.5078 mm): Arc of D24 on Edge.Cuts
    @(134.8950 mm, 79.8750 mm): Pad 2 [Net-(D23-DOUT)] of D24 on F.Cu
[copper_edge_clearance]: Board edge clearance violation (board setup constraints edge clearance 0.5000 mm; actual 0.2467 mm)
    Rule: board setup constraints edge; error
    @(136.3028 mm, 81.7422 mm): Arc of D24 on Edge.Cuts
    @(134.8950 mm, 81.3750 mm): Pad 1 [GND] of D24 on F.Cu
[copper_edge_clearance]: Board edge clearance violation (board setup constraints edge clearance 0.5000 mm; actual 0.3154 mm)
    Rule: board setup constraints edge; error
    @(116.6200 mm, 62.3254 mm): Arc of D19 on Edge.Cuts
    @(115.8950 mm, 62.3750 mm): Pad 1 [GND] of D19 on F.Cu
[copper_edge_clearance]: Board edge clearance violation (board setup constraints edge clearance 0.5000 mm; actual 0.3154 mm)
    Rule: board setup constraints edge; error
    @(116.6200 mm, 60.9246 mm): Arc of D19 on Edge.Cuts
    @(115.8950 mm, 60.8750 mm): Pad 2 [Net-(D18-DOUT)] of D19 on F.Cu
[copper_edge_clearance]: Board edge clearance violation (board setup constraints edge clearance 0.5000 mm; actual 0.2467 mm)
    Rule: board setup constraints edge; error
    @(119.9372 mm, 60.5078 mm): Arc of D19 on Edge.Cuts
    @(121.3450 mm, 60.8750 mm): Pad 3 [VCC(5V)] of D19 on F.Cu
[copper_edge_clearance]: Board edge clearance violation (board setup constraints edge clearance 0.5000 mm; actual 0.2467 mm)
    Rule: board setup constraints edge; error
    @(119.9372 mm, 62.7422 mm): Arc of D19 on Edge.Cuts
    @(121.3450 mm, 62.3750 mm): Pad 4 [Net-(D19-DOUT)] of D19 on F.Cu
[copper_edge_clearance]: Board edge clearance violation (board setup constraints edge clearance 0.5000 mm; actual 0.2467 mm)
    Rule: board setup constraints edge; error
    @(81.9372 mm, 119.7422 mm): Arc of D29 on Edge.Cuts
    @(83.3450 mm, 119.3750 mm): Pad 4 [Net-(D29-DOUT)] of D29 on F.Cu
[copper_edge_clearance]: Board edge clearance violation (board setup constraints edge clearance 0.5000 mm; actual 0.3154 mm)
    Rule: board setup constraints edge; error
    @(82.6200 mm, 117.9246 mm): Arc of D29 on Edge.Cuts
    @(83.3450 mm, 117.8750 mm): Pad 3 [VCC(5V)] of D29 on F.Cu
[copper_edge_clearance]: Board edge clearance violation (board setup constraints edge clearance 0.5000 mm; actual 0.3154 mm)
    Rule: board setup constraints edge; error
    @(78.6200 mm, 117.9246 mm): Arc of D29 on Edge.Cuts
    @(77.8950 mm, 117.8750 mm): Pad 2 [Net-(D29-DIN)] of D29 on F.Cu
[copper_edge_clearance]: Board edge clearance violation (board setup constraints edge clearance 0.5000 mm; actual 0.2467 mm)
    Rule: board setup constraints edge; error
    @(79.3028 mm, 119.7422 mm): Arc of D29 on Edge.Cuts
    @(77.8950 mm, 119.3750 mm): Pad 1 [GND] of D29 on F.Cu
[copper_edge_clearance]: Board edge clearance violation (board setup constraints edge clearance 0.5000 mm; actual 0.3154 mm)
    Rule: board setup constraints edge; error
    @(120.6200 mm, 119.3254 mm): Arc of D31 on Edge.Cuts
    @(121.3450 mm, 119.3750 mm): Pad 4 [Net-(D31-DOUT)] of D31 on F.Cu
[copper_edge_clearance]: Board edge clearance violation (board setup constraints edge clearance 0.5000 mm; actual 0.3154 mm)
    Rule: board setup constraints edge; error
    @(120.6200 mm, 117.9246 mm): Arc of D31 on Edge.Cuts
    @(121.3450 mm, 117.8750 mm): Pad 3 [VCC(5V)] of D31 on F.Cu
[copper_edge_clearance]: Board edge clearance violation (board setup constraints edge clearance 0.5000 mm; actual 0.2467 mm)
    Rule: board setup constraints edge; error
    @(117.3028 mm, 117.5078 mm): Arc of D31 on Edge.Cuts
    @(115.8950 mm, 117.8750 mm): Pad 2 [Net-(D30-DOUT)] of D31 on F.Cu
[copper_edge_clearance]: Board edge clearance violation (board setup constraints edge clearance 0.5000 mm; actual 0.2467 mm)
    Rule: board setup constraints edge; error
    @(117.3028 mm, 119.7422 mm): Arc of D31 on Edge.Cuts
    @(115.8950 mm, 119.3750 mm): Pad 1 [GND] of D31 on F.Cu
[copper_edge_clearance]: Board edge clearance violation (board setup constraints edge clearance 0.5000 mm; actual 0.3154 mm)
    Rule: board setup constraints edge; error
    @(101.6200 mm, 100.3254 mm): Arc of D26 on Edge.Cuts
    @(102.3450 mm, 100.3750 mm): Pad 4 [Net-(D26-DOUT)] of D26 on F.Cu
[copper_edge_clearance]: Board edge clearance violation (board setup constraints edge clearance 0.5000 mm; actual 0.3154 mm)
    Rule: board setup constraints edge; error
    @(101.6200 mm, 98.9246 mm): Arc of D26 on Edge.Cuts
    @(102.3450 mm, 98.8750 mm): Pad 3 [VCC(5V)] of D26 on F.Cu
[copper_edge_clearance]: Board edge clearance violation (board setup constraints edge clearance 0.5000 mm; actual 0.2467 mm)
    Rule: board setup constraints edge; error
    @(98.3028 mm, 98.5078 mm): Arc of D26 on Edge.Cuts
    @(96.8950 mm, 98.8750 mm): Pad 2 [Net-(D25-DOUT)] of D26 on F.Cu
[copper_edge_clearance]: Board edge clearance violation (board setup constraints edge clearance 0.5000 mm; actual 0.3500 mm)
    Rule: board setup constraints edge; error
    @(97.9200 mm, 99.6250 mm): Segment of D26 on Edge.Cuts
    @(96.8950 mm, 100.3750 mm): Pad 1 [GND] of D26 on F.Cu
[copper_edge_clearance]: Board edge clearance violation (board setup constraints edge clearance 0.5000 mm; actual 0.3154 mm)
    Rule: board setup constraints edge; error
    @(101.6200 mm, 81.3254 mm): Arc of D22 on Edge.Cuts
    @(102.3450 mm, 81.3750 mm): Pad 4 [Net-(D22-DOUT)] of D22 on F.Cu
[copper_edge_clearance]: Board edge clearance violation (board setup constraints edge clearance 0.5000 mm; actual 0.3154 mm)
    Rule: board setup constraints edge; error
    @(101.6200 mm, 79.9246 mm): Arc of D22 on Edge.Cuts
    @(102.3450 mm, 79.8750 mm): Pad 3 [VCC(5V)] of D22 on F.Cu
[copper_edge_clearance]: Board edge clearance violation (board setup constraints edge clearance 0.5000 mm; actual 0.2467 mm)
    Rule: board setup constraints edge; error
    @(98.3028 mm, 79.5078 mm): Arc of D22 on Edge.Cuts
    @(96.8950 mm, 79.8750 mm): Pad 2 [Net-(D21-DOUT)] of D22 on F.Cu
[copper_edge_clearance]: Board edge clearance violation (board setup constraints edge clearance 0.5000 mm; actual 0.2467 mm)
    Rule: board setup constraints edge; error
    @(98.3028 mm, 81.7422 mm): Arc of D22 on Edge.Cuts
    @(96.8950 mm, 81.3750 mm): Pad 1 [GND] of D22 on F.Cu
[copper_edge_clearance]: Board edge clearance violation (board setup constraints edge clearance 0.5000 mm; actual 0.3154 mm)
    Rule: board setup constraints edge; error
    @(120.6200 mm, 81.3254 mm): Arc of D23 on Edge.Cuts
    @(121.3450 mm, 81.3750 mm): Pad 4 [Net-(D23-DOUT)] of D23 on F.Cu
[copper_edge_clearance]: Board edge clearance violation (board setup constraints edge clearance 0.5000 mm; actual 0.3154 mm)
    Rule: board setup constraints edge; error
    @(120.6200 mm, 79.9246 mm): Arc of D23 on Edge.Cuts
    @(121.3450 mm, 79.8750 mm): Pad 3 [VCC(5V)] of D23 on F.Cu
[copper_edge_clearance]: Board edge clearance violation (board setup constraints edge clearance 0.5000 mm; actual 0.2467 mm)
    Rule: board setup constraints edge; error
    @(117.3028 mm, 79.5078 mm): Arc of D23 on Edge.Cuts
    @(115.8950 mm, 79.8750 mm): Pad 2 [Net-(D22-DOUT)] of D23 on F.Cu
[copper_edge_clearance]: Board edge clearance violation (board setup constraints edge clearance 0.5000 mm; actual 0.2467 mm)
    Rule: board setup constraints edge; error
    @(117.3028 mm, 81.7422 mm): Arc of D23 on Edge.Cuts
    @(115.8950 mm, 81.3750 mm): Pad 1 [GND] of D23 on F.Cu
[copper_edge_clearance]: Board edge clearance violation (board setup constraints edge clearance 0.5000 mm; actual 0.3154 mm)
    Rule: board setup constraints edge; error
    @(82.3450 mm, 81.3254 mm): Arc of D21 on Edge.Cuts
    @(83.0700 mm, 81.3750 mm): Pad 4 [Net-(D21-DOUT)] of D21 on F.Cu
[copper_edge_clearance]: Board edge clearance violation (board setup constraints edge clearance 0.5000 mm; actual 0.3154 mm)
    Rule: board setup constraints edge; error
    @(82.3450 mm, 79.9246 mm): Arc of D21 on Edge.Cuts
    @(83.0700 mm, 79.8750 mm): Pad 3 [VCC(5V)] of D21 on F.Cu
[copper_edge_clearance]: Board edge clearance violation (board setup constraints edge clearance 0.5000 mm; actual 0.3154 mm)
    Rule: board setup constraints edge; error
    @(78.3450 mm, 79.9246 mm): Arc of D21 on Edge.Cuts
    @(77.6200 mm, 79.8750 mm): Pad 2 [Net-(D21-DIN)] of D21 on F.Cu
[copper_edge_clearance]: Board edge clearance violation (board setup constraints edge clearance 0.5000 mm; actual 0.2467 mm)
    Rule: board setup constraints edge; error
    @(79.0278 mm, 81.7422 mm): Arc of D21 on Edge.Cuts
    @(77.6200 mm, 81.3750 mm): Pad 1 [GND] of D21 on F.Cu
[copper_edge_clearance]: Board edge clearance violation (board setup constraints edge clearance 0.5000 mm; actual 0.3154 mm)
    Rule: board setup constraints edge; error
    @(82.6200 mm, 100.3254 mm): Arc of D25 on Edge.Cuts
    @(83.3450 mm, 100.3750 mm): Pad 4 [Net-(D25-DOUT)] of D25 on F.Cu
[copper_edge_clearance]: Board edge clearance violation (board setup constraints edge clearance 0.5000 mm; actual 0.3154 mm)
    Rule: board setup constraints edge; error
    @(82.6200 mm, 98.9246 mm): Arc of D25 on Edge.Cuts
    @(83.3450 mm, 98.8750 mm): Pad 3 [VCC(5V)] of D25 on F.Cu
[copper_edge_clearance]: Board edge clearance violation (board setup constraints edge clearance 0.5000 mm; actual 0.2467 mm)
    Rule: board setup constraints edge; error
    @(79.3028 mm, 98.5078 mm): Arc of D25 on Edge.Cuts
    @(77.8950 mm, 98.8750 mm): Pad 2 [Net-(D21-DIN)] of D25 on F.Cu
[copper_edge_clearance]: Board edge clearance violation (board setup constraints edge clearance 0.5000 mm; actual 0.2467 mm)
    Rule: board setup constraints edge; error
    @(79.3028 mm, 100.7422 mm): Arc of D25 on Edge.Cuts
    @(77.8950 mm, 100.3750 mm): Pad 1 [GND] of D25 on F.Cu
[copper_edge_clearance]: Board edge clearance violation (board setup constraints edge clearance 0.5000 mm; actual 0.3154 mm)
    Rule: board setup constraints edge; error
    @(120.6200 mm, 100.3254 mm): Arc of D27 on Edge.Cuts
    @(121.3450 mm, 100.3750 mm): Pad 4 [Net-(D27-DOUT)] of D27 on F.Cu
[copper_edge_clearance]: Board edge clearance violation (board setup constraints edge clearance 0.5000 mm; actual 0.3154 mm)
    Rule: board setup constraints edge; error
    @(120.6200 mm, 98.9246 mm): Arc of D27 on Edge.Cuts
    @(121.3450 mm, 98.8750 mm): Pad 3 [VCC(5V)] of D27 on F.Cu
[copper_edge_clearance]: Board edge clearance violation (board setup constraints edge clearance 0.5000 mm; actual 0.2467 mm)
    Rule: board setup constraints edge; error
    @(117.3028 mm, 98.5078 mm): Arc of D27 on Edge.Cuts
    @(115.8950 mm, 98.8750 mm): Pad 2 [Net-(D26-DOUT)] of D27 on F.Cu
[copper_edge_clearance]: Board edge clearance violation (board setup constraints edge clearance 0.5000 mm; actual 0.2467 mm)
    Rule: board setup constraints edge; error
    @(117.3028 mm, 100.7422 mm): Arc of D27 on Edge.Cuts
    @(115.8950 mm, 100.3750 mm): Pad 1 [GND] of D27 on F.Cu
[text_height]: Text height out of range (board setup constraints silk text height min height 0.8000 mm; actual 0.7500 mm)
    Rule: board setup constraints silk text height; warning
    @(143.7350 mm, 42.0500 mm): Footprint text of J1 (SDA)
[text_height]: Text height out of range (board setup constraints silk text height min height 0.8000 mm; actual 0.7500 mm)
    Rule: board setup constraints silk text height; warning
    @(143.7350 mm, 39.5100 mm): Footprint text of J1 (SCL)
[text_height]: Text height out of range (board setup constraints silk text height min height 0.8000 mm; actual 0.7500 mm)
    Rule: board setup constraints silk text height; warning
    @(143.7350 mm, 36.9700 mm): Footprint text of J1 (VCC)
[text_height]: Text height out of range (board setup constraints silk text height min height 0.8000 mm; actual 0.7500 mm)
    Rule: board setup constraints silk text height; warning
    @(143.7350 mm, 34.4300 mm): Footprint text of J1 (GND)
[silk_overlap]: Silkscreen clearance
    Rule: board setup constraints silk; warning
    @(102.9800 mm, 41.6750 mm): Segment of D35 on F.Silkscreen
    @(99.3300 mm, 42.0700 mm): Reference field of D36
[silk_overlap]: Silkscreen clearance
    Rule: board setup constraints silk; warning
    @(102.9800 mm, 36.8050 mm): Segment of D34 on F.Silkscreen
    @(99.3300 mm, 37.2000 mm): Reference field of D35
[silk_overlap]: Silkscreen clearance
    Rule: board setup constraints silk; warning
    @(99.3300 mm, 32.3300 mm): Reference field of D34
    @(102.9800 mm, 31.9350 mm): Segment of D33 on F.Silkscreen
[silk_over_copper]: Silkscreen clipped by solder mask
    Local override; warning
    @(137.6200 mm, 116.0250 mm): Reference field of D32
    @(137.7950 mm, 114.3000 mm): NPTH pad of SW16
[silk_over_copper]: Silkscreen clipped by solder mask
    Local override; warning
    @(118.6200 mm, 116.0250 mm): Reference field of D31
    @(118.7450 mm, 114.3000 mm): NPTH pad of SW15
[silk_over_copper]: Silkscreen clipped by solder mask
    Local override; warning
    @(99.6200 mm, 116.0250 mm): Reference field of D30
    @(99.6950 mm, 114.3000 mm): NPTH pad of SW14
[silk_over_copper]: Silkscreen clipped by solder mask
    Local override; warning
    @(99.6200 mm, 97.0250 mm): Reference field of D26
    @(99.6950 mm, 95.2500 mm): NPTH pad of SW10
[silk_over_copper]: Silkscreen clipped by solder mask
    Local override; warning
    @(118.6200 mm, 78.0250 mm): Reference field of D23
    @(118.7450 mm, 76.2000 mm): NPTH pad of SW7
[silk_over_copper]: Silkscreen clipped by solder mask
    Local override; warning
    @(137.6200 mm, 78.0250 mm): Reference field of D24
    @(137.7950 mm, 76.2000 mm): NPTH pad of SW8
[silk_over_copper]: Silkscreen clipped by solder mask
    Local override; warning
    @(80.6200 mm, 59.0250 mm): Reference field of D17
    @(80.6450 mm, 57.1500 mm): NPTH pad of SW1
[silk_over_copper]: Silkscreen clipped by solder mask
    Local override; warning
    @(80.3450 mm, 78.0250 mm): Reference field of D21
    @(80.6450 mm, 76.2000 mm): NPTH pad of SW5
[silk_over_copper]: Silkscreen clipped by solder mask
    Local override; warning
    @(99.6200 mm, 78.0250 mm): Reference field of D22
    @(99.6950 mm, 76.2000 mm): NPTH pad of SW6
[silk_over_copper]: Silkscreen clipped by solder mask
    Local override; warning
    @(137.6200 mm, 97.0250 mm): Reference field of D28
    @(137.7950 mm, 95.2500 mm): NPTH pad of SW12
[silk_over_copper]: Silkscreen clipped by solder mask
    Local override; warning
    @(118.6200 mm, 97.0250 mm): Reference field of D27
    @(118.7450 mm, 95.2500 mm): NPTH pad of SW11
[silk_over_copper]: Silkscreen clipped by solder mask
    Local override; warning
    @(80.6200 mm, 116.0250 mm): Reference field of D29
    @(80.6450 mm, 114.3000 mm): NPTH pad of SW13
[silk_over_copper]: Silkscreen clipped by solder mask
    Local override; warning
    @(80.6200 mm, 97.0250 mm): Reference field of D25
    @(80.6450 mm, 95.2500 mm): NPTH pad of SW9
[silk_over_copper]: Silkscreen clipped by solder mask
    Local override; warning
    @(87.3649 mm, 28.3816 mm): Arc of U1 on F.Silkscreen
    @(88.1345 mm, 29.2170 mm): PTH pad 14 [VCC(5V)] of U1
[silk_over_copper]: Silkscreen clipped by solder mask
    Local override; warning
    @(89.4095 mm, 45.3370 mm): Segment of U1 on F.Silkscreen
    @(88.1345 mm, 29.2170 mm): PTH pad 14 [VCC(5V)] of U1
[silk_over_copper]: Silkscreen clipped by solder mask
    Local override; warning
    @(89.4095 mm, 45.3370 mm): Segment of U1 on F.Silkscreen
    @(88.1345 mm, 31.7570 mm): PTH pad 13 [GND] of U1
[silk_over_copper]: Silkscreen clipped by solder mask
    Local override; warning
    @(89.4095 mm, 45.3370 mm): Segment of U1 on F.Silkscreen
    @(88.1345 mm, 34.2970 mm): PTH pad 12 [VCC(3V)] of U1
[silk_over_copper]: Silkscreen clipped by solder mask
    Local override; warning
    @(89.4095 mm, 45.3370 mm): Segment of U1 on F.Silkscreen
    @(88.1345 mm, 36.8370 mm): PTH pad 11 [Colunm 1] of U1
[silk_over_copper]: Silkscreen clipped by solder mask
    Local override; warning
    @(89.4095 mm, 45.3370 mm): Segment of U1 on F.Silkscreen
    @(88.1345 mm, 39.3770 mm): PTH pad 10 [Colunm 2] of U1
[silk_over_copper]: Silkscreen clipped by solder mask
    Local override; warning
    @(89.4095 mm, 45.3370 mm): Segment of U1 on F.Silkscreen
    @(88.1345 mm, 41.9170 mm): PTH pad 9 [Colunm 3] of U1
[silk_over_copper]: Silkscreen clipped by solder mask
    Local override; warning
    @(89.4095 mm, 45.3370 mm): Segment of U1 on F.Silkscreen
    @(88.1345 mm, 44.4570 mm): PTH pad 8 [Colunm 4] of U1
[silk_over_copper]: Silkscreen clipped by solder mask
    Local override; warning
    @(118.6200 mm, 59.1250 mm): Reference field of D19
    @(118.7450 mm, 57.1500 mm): NPTH pad of SW3
[silk_over_copper]: Silkscreen clipped by solder mask
    Local override; warning
    @(99.6200 mm, 59.0250 mm): Reference field of D18
    @(99.6950 mm, 57.1500 mm): NPTH pad of SW2
[silk_over_copper]: Silkscreen clipped by solder mask
    Local override; warning
    @(137.6200 mm, 59.0250 mm): Reference field of D20
    @(137.7950 mm, 57.1500 mm): NPTH pad of SW4
[silk_over_copper]: Silkscreen clipped by solder mask
    Local override; warning
    @(87.4095 mm, 45.3370 mm): Arc of U1 on F.Silkscreen
    @(88.1345 mm, 44.4570 mm): PTH pad 8 [Colunm 4] of U1
[silk_over_copper]: Silkscreen clipped by solder mask
    Local override; warning
    @(73.6544 mm, 45.2922 mm): Arc of U1 on F.Silkscreen
    @(72.8845 mm, 44.4570 mm): PTH pad 7 [DIN] of U1
[silk_over_copper]: Silkscreen clipped by solder mask
    Local override; warning
    @(71.6095 mm, 28.3370 mm): Segment of U1 on F.Silkscreen
    @(72.8845 mm, 44.4570 mm): PTH pad 7 [DIN] of U1
[silk_over_copper]: Silkscreen clipped by solder mask
    Local override; warning
    @(71.6095 mm, 28.3370 mm): Segment of U1 on F.Silkscreen
    @(72.8845 mm, 41.9170 mm): PTH pad 6 [Net-(J1-Pin_3)] of U1
[silk_over_copper]: Silkscreen clipped by solder mask
    Local override; warning
    @(71.6095 mm, 28.3370 mm): Segment of U1 on F.Silkscreen
    @(72.8845 mm, 39.3770 mm): PTH pad 5 [Net-(J1-Pin_4)] of U1
[silk_over_copper]: Silkscreen clipped by solder mask
    Local override; warning
    @(71.6095 mm, 28.3370 mm): Segment of U1 on F.Silkscreen
    @(72.8845 mm, 36.8370 mm): PTH pad 4 [Row 4] of U1
[silk_over_copper]: Silkscreen clipped by solder mask
    Local override; warning
    @(71.6095 mm, 28.3370 mm): Segment of U1 on F.Silkscreen
    @(72.8845 mm, 34.2970 mm): PTH pad 3 [Row 3] of U1
[silk_over_copper]: Silkscreen clipped by solder mask
    Local override; warning
    @(71.6095 mm, 28.3370 mm): Segment of U1 on F.Silkscreen
    @(72.8845 mm, 31.7570 mm): PTH pad 2 [Row 2] of U1
[silk_over_copper]: Silkscreen clipped by solder mask
    Local override; warning
    @(71.6095 mm, 28.3370 mm): Segment of U1 on F.Silkscreen
    @(72.8845 mm, 29.2170 mm): PTH pad 1 [Row 1] of U1

** Found 0 unconnected pads **

** Found 0 Footprint errors **

** Ignored checks **
    - Footprint has no courtyard defined
    - Track endpoint not centered on via
    - Tuning profile track geometries
    - Footprint doesn't match symbol's footprint filters
    - Footprint component type doesn't match footprint pads

** End of Report **
